../Core/Src/app.c:30:24:app_now_ms	8	static
../Core/Src/app.c:32:20:app_crit_enter	24	static,ignoring_inline_asm
../Core/Src/app.c:37:20:app_crit_exit	16	static,ignoring_inline_asm
../Core/Src/app.c:42:20:app_inc_dropped	16	static
../Core/Src/app.c:50:13:app_q_push	32	static
../Core/Src/app.c:75:13:app_q_pop	32	static
../Core/Src/app.c:108:13:app_sched_init	24	static
../Core/Src/app.c:115:13:app_sched_step	32	static
../Core/Src/app.c:125:13:on_can_rx	72	static
../Core/Src/app.c:145:13:on_heartbeat_due	8	static
../Core/Src/app.c:146:13:on_mcp_poll_due	8	static
../Core/Src/app.c:147:13:on_adc_process_due	8	static
../Core/Src/app.c:148:13:on_can_service_due	8	static
../Core/Src/app.c:150:13:on_encoder_step	24	static
../Core/Src/app.c:157:13:on_digital_change	16	static
../Core/Src/app.c:163:13:on_analog_value	24	static
../Core/Src/app.c:171:13:app_handle_event	16	static
../Core/Src/app.c:189:6:App_Init	16	static
../Core/Src/app.c:206:6:App_Run	32	static
../Core/Src/app.c:219:6:App_PostEventFromISR	48	static
../Core/Src/app.c:227:6:App_PostEvent	48	static
