../Core/Src/stm32g0xx_it.c:60:6:NMI_Handler	8	static
../Core/Src/stm32g0xx_it.c:75:6:HardFault_Handler	8	static
../Core/Src/stm32g0xx_it.c:90:6:SVC_Handler	8	static
../Core/Src/stm32g0xx_it.c:103:6:PendSV_Handler	8	static
../Core/Src/stm32g0xx_it.c:116:6:SysTick_Handler	8	static
../Core/Src/stm32g0xx_it.c:137:6:EXTI0_1_IRQHandler	8	static
../Core/Src/stm32g0xx_it.c:152:6:EXTI2_3_IRQHandler	8	static
../Core/Src/stm32g0xx_it.c:167:6:EXTI4_15_IRQHandler	8	static
../Core/Src/stm32g0xx_it.c:188:6:DMA1_Channel1_IRQHandler	8	static
../Core/Src/stm32g0xx_it.c:202:6:TIM16_FDCAN_IT0_IRQHandler	8	static
../Core/Src/stm32g0xx_it.c:216:6:TIM17_FDCAN_IT1_IRQHandler	8	static
../Core/Src/stm32g0xx_it.c:230:6:HAL_GPIO_EXTI_Callback	16	static
